{
    "bounds": {
        "lowerRight": {
            "x": 1485,
            "y": 1050
        },
        "upperLeft": {
            "x": 0,
            "y": 0
        }
    },
    "childShapes": [
        {
            "bounds": {
                "lowerRight": {
                    "x": 120,
                    "y": 390
                },
                "upperLeft": {
                    "x": 90,
                    "y": 360
                }
            },
            "childShapes": [],
            "dockers": [],
            "labels": [],
            "outgoing": [{"resourceId": "sid-2AADB355-38F9-4771-AF8F-18BF2B0BA98A"}],
            "properties": {
                "auditing": "",
                "bgcolor": "#ffffff",
                "dataoutput": "",
                "dataoutputassociations": "",
                "documentation": "",
                "monitoring": "",
                "name": "Start",
                "outputset": "",
                "trigger": "None"
            },
            "resourceId": "sid-79059DC5-73D0-44E5-92C7-641F1A7C21FE",
            "stencil": {"id": "StartNoneEvent"}
        },
        {
            "bounds": {
                "lowerRight": {
                    "x": 164.15625,
                    "y": 375
                },
                "upperLeft": {
                    "x": 120.609375,
                    "y": 375
                }
            },
            "childShapes": [],
            "dockers": [
                {
                    "x": 15,
                    "y": 15
                },
                {
                    "x": 50,
                    "y": 40
                }
            ],
            "labels": [],
            "outgoing": [{"resourceId": "sid-F4A32C8D-1F23-460F-9CA4-1C4DCC3DB526"}],
            "properties": {
                "auditing": "",
                "conditionexpression": "",
                "conditiontype": "None",
                "documentation": "",
                "isimmediate": "",
                "monitoring": "",
                "name": "",
                "showdiamondmarker": ""
            },
            "resourceId": "sid-2AADB355-38F9-4771-AF8F-18BF2B0BA98A",
            "stencil": {"id": "SequenceFlow"},
            "target": {"resourceId": "sid-F4A32C8D-1F23-460F-9CA4-1C4DCC3DB526"}
        },
        {
            "bounds": {
                "lowerRight": {
                    "x": 338,
                    "y": 389
                },
                "upperLeft": {
                    "x": 310,
                    "y": 361
                }
            },
            "childShapes": [],
            "dockers": [],
            "labels": [],
            "outgoing": [],
            "properties": {
                "auditing": "",
                "bgcolor": "#ffffff",
                "datainput": "",
                "datainputassociations": "",
                "documentation": "",
                "inputset": "",
                "monitoring": "",
                "name": "End",
                "trigger": "None"
            },
            "resourceId": "sid-97E04FE3-BB0D-40AE-9AE0-AE2B117667CA",
            "stencil": {"id": "EndNoneEvent"}
        },
        {
            "bounds": {
                "lowerRight": {
                    "x": 309.375,
                    "y": 375
                },
                "upperLeft": {
                    "x": 265.390625,
                    "y": 375
                }
            },
            "childShapes": [],
            "dockers": [
                {
                    "x": 50,
                    "y": 40
                },
                {
                    "x": 14,
                    "y": 14
                }
            ],
            "labels": [],
            "outgoing": [{"resourceId": "sid-97E04FE3-BB0D-40AE-9AE0-AE2B117667CA"}],
            "properties": {
                "auditing": "",
                "conditionexpression": "",
                "conditiontype": "None",
                "documentation": "",
                "isimmediate": "",
                "monitoring": "",
                "name": "",
                "showdiamondmarker": ""
            },
            "resourceId": "sid-8DC54906-3065-4506-A70C-E367193B0DB6",
            "stencil": {"id": "SequenceFlow"},
            "target": {"resourceId": "sid-97E04FE3-BB0D-40AE-9AE0-AE2B117667CA"}
        },
        {
            "bounds": {
                "lowerRight": {
                    "x": 265,
                    "y": 415
                },
                "upperLeft": {
                    "x": 165,
                    "y": 335
                }
            },
            "childShapes": [
                {
                    "bounds": {
                        "lowerRight": {
                            "x": 120,
                            "y": 390
                        },
                        "upperLeft": {
                            "x": 90,
                            "y": 360
                        }
                    },
                    "childShapes": [],
                    "dockers": [],
                    "labels": [],
                    "outgoing": [{"resourceId": "sid-877B9C8E-F957-41D6-BA8E-FBA9BAA6B42B"}],
                    "properties": {
                        "auditing": "",
                        "bgcolor": "#ffffff",
                        "dataoutput": "",
                        "dataoutputassociations": "",
                        "documentation": "",
                        "monitoring": "",
                        "name": "StartEvent",
                        "outputset": "",
                        "trigger": "None"
                    },
                    "resourceId": "sid-5AD189E7-711E-42DF-B9F4-F224E00D697B",
                    "stencil": {"id": "StartNoneEvent"}
                },
                {
                    "bounds": {
                        "lowerRight": {
                            "x": 265,
                            "y": 415
                        },
                        "upperLeft": {
                            "x": 165,
                            "y": 335
                        }
                    },
                    "childShapes": [],
                    "dockers": [],
                    "labels": [],
                    "outgoing": [{"resourceId": "sid-E6862C5A-DFC0-4A27-A421-C3047E4657FE"}],
                    "properties": {
                        "assignments": "",
                        "auditing": "",
                        "behavior": "all",
                        "bgcolor": "#ffffcc",
                        "callacitivity": "",
                        "categories": "",
                        "completioncondition": "",
                        "completionquantity": 1,
                        "complexbehaviordefinition": "",
                        "datainputset": "",
                        "dataoutputset": "",
                        "documentation": "",
                        "implementation": "webService",
                        "inmessagename": "",
                        "inmsgimport": "",
                        "inmsgiscollection": "",
                        "inmsgitemkind": "Information",
                        "inmsgstructure": "",
                        "inputdataitem": "",
                        "instantiate": "",
                        "isforcompensation": "",
                        "loopcardinality": "",
                        "loopcondition": "",
                        "loopdatainput": "",
                        "loopdataoutput": "",
                        "loopmaximum": "",
                        "looptype": "None",
                        "messageref": "",
                        "monitoring": "",
                        "name": "Do\nSomething",
                        "nonebehavioreventref": "signal",
                        "onebehavioreventref:": "signal",
                        "operationname": "",
                        "operationref": "",
                        "outmessagename": "",
                        "outmsgimport": "",
                        "outmsgiscollection": "",
                        "outmsgitemkind": "Information",
                        "outmsgstructure": "",
                        "outputdataitem": "",
                        "properties": "",
                        "resources": "",
                        "script": "",
                        "scriptformat": "",
                        "startquantity": 1,
                        "tasktype": "None",
                        "testbefore": ""
                    },
                    "resourceId": "sid-7BA8D259-D8CD-4F56-88A7-0C44C9C5787E",
                    "stencil": {"id": "Task"}
                },
                {
                    "bounds": {
                        "lowerRight": {
                            "x": 164.15625,
                            "y": 375
                        },
                        "upperLeft": {
                            "x": 120.609375,
                            "y": 375
                        }
                    },
                    "childShapes": [],
                    "dockers": [
                        {
                            "x": 15,
                            "y": 15
                        },
                        {
                            "x": 50,
                            "y": 40
                        }
                    ],
                    "labels": [],
                    "outgoing": [{"resourceId": "sid-7BA8D259-D8CD-4F56-88A7-0C44C9C5787E"}],
                    "properties": {
                        "auditing": "",
                        "conditionexpression": "",
                        "conditiontype": "None",
                        "documentation": "",
                        "isimmediate": "",
                        "monitoring": "",
                        "name": "",
                        "showdiamondmarker": ""
                    },
                    "resourceId": "sid-877B9C8E-F957-41D6-BA8E-FBA9BAA6B42B",
                    "stencil": {"id": "SequenceFlow"},
                    "target": {"resourceId": "sid-7BA8D259-D8CD-4F56-88A7-0C44C9C5787E"}
                },
                {
                    "bounds": {
                        "lowerRight": {
                            "x": 338,
                            "y": 389
                        },
                        "upperLeft": {
                            "x": 310,
                            "y": 361
                        }
                    },
                    "childShapes": [],
                    "dockers": [],
                    "labels": [],
                    "outgoing": [],
                    "properties": {
                        "auditing": "",
                        "bgcolor": "#ffffff",
                        "datainput": "",
                        "datainputassociations": "",
                        "documentation": "",
                        "inputset": "",
                        "monitoring": "",
                        "name": "EndEvent",
                        "trigger": "None"
                    },
                    "resourceId": "sid-49E9129D-4357-4422-9F48-E635DCB164E6",
                    "stencil": {"id": "EndNoneEvent"}
                },
                {
                    "bounds": {
                        "lowerRight": {
                            "x": 309.375,
                            "y": 375
                        },
                        "upperLeft": {
                            "x": 265.390625,
                            "y": 375
                        }
                    },
                    "childShapes": [],
                    "dockers": [
                        {
                            "x": 50,
                            "y": 40
                        },
                        {
                            "x": 14,
                            "y": 14
                        }
                    ],
                    "labels": [],
                    "outgoing": [{"resourceId": "sid-49E9129D-4357-4422-9F48-E635DCB164E6"}],
                    "properties": {
                        "auditing": "",
                        "conditionexpression": "",
                        "conditiontype": "None",
                        "documentation": "",
                        "isimmediate": "",
                        "monitoring": "",
                        "name": "",
                        "showdiamondmarker": ""
                    },
                    "resourceId": "sid-E6862C5A-DFC0-4A27-A421-C3047E4657FE",
                    "stencil": {"id": "SequenceFlow"},
                    "target": {"resourceId": "sid-49E9129D-4357-4422-9F48-E635DCB164E6"}
                }
            ],
            "dockers": [],
            "labels": [],
            "outgoing": [{"resourceId": "sid-8DC54906-3065-4506-A70C-E367193B0DB6"}],
            "properties": {
                "activitytype": "Sub-Process",
                "adhoccancelremaininginstances": true,
                "adhoccompletioncondition": "",
                "adhocordering": "Sequential",
                "assignments": "",
                "auditing": "",
                "behavior": "all",
                "bgcolor": "#ffffcc",
                "callacitivity": "",
                "categories": "",
                "completioncondition": "",
                "completionquantity": 1,
                "complexbehaviordefinition": "",
                "datainputset": "",
                "dataoutputset": "",
                "diagramref": "",
                "documentation": "",
                "entry": "http://localhost:8080/activiti-modeler/p/editor?id=root-directory%3Bsub-process-child.signavio.xml",
                "implementation": "webService",
                "inmessagename": "",
                "inmsgimport": "",
                "inmsgiscollection": "",
                "inmsgitemkind": "Information",
                "inmsgstructure": "",
                "inputdataitem": "",
                "inputmaps": "",
                "instantiate": "",
                "isadhoc": "",
                "isatransaction": "",
                "isforcompensation": "",
                "loopcardinality": "",
                "loopcondition": "",
                "loopdatainput": "",
                "loopdataoutput": "",
                "loopmaximum": "",
                "looptype": "None",
                "messageref": "",
                "monitoring": "",
                "name": "Sub-Process",
                "nonebehavioreventref": "signal",
                "onebehavioreventref:": "signal",
                "operationname": "",
                "operationref": "",
                "outmessagename": "",
                "outmsgimport": "",
                "outmsgiscollection": "",
                "outmsgitemkind": "Information",
                "outmsgstructure": "",
                "outputdataitem": "",
                "outputmaps": "",
                "processref": "",
                "properties": "",
                "resources": "",
                "script": "",
                "scriptformat": "",
                "startquantity": 1,
                "subprocesstype": "Embedded",
                "tasktype": "None",
                "testbefore": "",
                "transaction": "",
                "transactionmethod": "compensate",
                "type": "http://b3mn.org/stencilset/bpmn2.0#Task"
            },
            "resourceId": "sid-F4A32C8D-1F23-460F-9CA4-1C4DCC3DB526",
            "stencil": {"id": "Subprocess"}
        }
    ],
    "properties": {
        "auditing": "",
        "author": "",
        "creationdate": "",
        "documentation": "",
        "expressionlanguage": "http://www.w3.org/1999/XPath",
        "language": "English",
        "modificationdate": "",
        "monitoring": "",
        "name": "sub-process-parent",
        "namespaces": "",
        "targetnamespace": "http://www.omg.org/bpmn20",
        "typelanguage": "http://www.w3.org/2001/XMLSchema",
        "version": ""
    },
    "resourceId": "canvas",
    "ssextensions": [],
    "stencil": {"id": "BPMNDiagram"},
    "stencilset": {
        "namespace": "http://b3mn.org/stencilset/bpmn2.0#",
        "url": "/activiti-modeler/editor/stencilsets//bpmn2.0/bpmn2.0.json"
    }
}